// Jest Snapshot v1, https://goo.gl/fbAQLP

exports[`renders correctly 1`] = `
<a
  className=""
  href="/"
  onClick={[Function]}
  onMouseEnter={[Function]}
  type="CTA"
>
  <span>
    Some Text
  </span>
</a>
`;
